// Vitest Snapshot v1, https://vitest.dev/guide/snapshot.html

exports[`composeReport snapshot > matches stable ReportSpec for diagnosis v2 spec example 1`] = `
{
  "capacityMode": "free",
  "charts": [
    {
      "data": {
        "alerts": [
          {
            "domainSlug": "speed-to-lead",
            "engineId": 7,
            "flag": "RED",
            "pct": 0.2,
          },
          {
            "domainSlug": "closing",
            "engineId": 13,
            "flag": "AMBER",
            "pct": 0.4,
          },
        ],
        "status": "RED",
      },
      "kind": "survival",
    },
    {
      "data": {
        "healthWeighted": 0.3833,
        "percentage": 38,
        "survivalStatus": "RED",
      },
      "kind": "health-gauge",
    },
    {
      "data": {
        "domains": [
          {
            "domainName": "شفافیت مسیر فروش",
            "domainSlug": "sales-journey-clarity",
            "engineId": 1,
            "level": "weak",
            "percentage": 40,
          },
          {
            "domainName": "شناخت مشتری مناسب",
            "domainSlug": "persona",
            "engineId": 2,
            "level": "weak",
            "percentage": 27,
          },
          {
            "domainName": "ارزش پیشنهادی",
            "domainSlug": "uvp",
            "engineId": 3,
            "level": "weak",
            "percentage": 33,
          },
          {
            "domainName": "طراحی پیشنهاد، قیمت‌گذاری و بسته‌بندی",
            "domainSlug": "offer-design",
            "engineId": 4,
            "level": "medium",
            "percentage": 53,
          },
          {
            "domainName": "تولید سرنخ",
            "domainSlug": "lead-generation",
            "engineId": 5,
            "level": "medium",
            "percentage": 60,
          },
          {
            "domainName": "پرورش سرنخ‌ها",
            "domainSlug": "lead-nurturing",
            "engineId": 6,
            "level": "weak",
            "percentage": 27,
          },
          {
            "domainName": "سرعت ارتباط اولیه و ثبت سرنخ",
            "domainSlug": "speed-to-lead",
            "engineId": 7,
            "level": "critical",
            "percentage": 20,
          },
          {
            "domainName": "صلاحیت‌سنجی و اولویت‌بندی سرنخ‌ها",
            "domainSlug": "lead-qualification",
            "engineId": 8,
            "level": "medium",
            "percentage": 47,
          },
          {
            "domainName": "کیفیت ارتباط اولیه و اعتمادسازی",
            "domainSlug": "initial-trust",
            "engineId": 9,
            "level": "medium",
            "percentage": 53,
          },
          {
            "domainName": "کشف نیاز",
            "domainSlug": "needs-discovery",
            "engineId": 10,
            "level": "weak",
            "percentage": 40,
          },
          {
            "domainName": "ارائه حرفه‌ای",
            "domainSlug": "presentation",
            "engineId": 11,
            "level": "medium",
            "percentage": 47,
          },
          {
            "domainName": "برخورد با اعتراضات",
            "domainSlug": "objection-handling",
            "engineId": 12,
            "level": "weak",
            "percentage": 33,
          },
          {
            "domainName": "نهایی‌سازی فروش",
            "domainSlug": "closing",
            "engineId": 13,
            "level": "weak",
            "percentage": 40,
          },
          {
            "domainName": "وفاداری مشتری",
            "domainSlug": "loyalty",
            "engineId": 14,
            "level": "critical",
            "percentage": 20,
          },
          {
            "domainName": "یکپارچگی Touchpoint",
            "domainSlug": "touchpoint-consistency",
            "engineId": 15,
            "level": "medium",
            "percentage": 47,
          },
          {
            "domainName": "اندازه‌گیری، تحلیل و بهینه‌سازی فروش",
            "domainSlug": "measurement-optimization",
            "engineId": 16,
            "level": "critical",
            "percentage": 13,
          },
        ],
      },
      "kind": "radar",
    },
    {
      "data": {
        "stages": [
          {
            "domainName": "شفافیت مسیر فروش",
            "domainSlug": "sales-journey-clarity",
            "engineId": 1,
            "level": "weak",
            "percentage": 40,
          },
          {
            "domainName": "شناخت مشتری مناسب",
            "domainSlug": "persona",
            "engineId": 2,
            "level": "weak",
            "percentage": 27,
          },
          {
            "domainName": "ارزش پیشنهادی",
            "domainSlug": "uvp",
            "engineId": 3,
            "level": "weak",
            "percentage": 33,
          },
          {
            "domainName": "طراحی پیشنهاد، قیمت‌گذاری و بسته‌بندی",
            "domainSlug": "offer-design",
            "engineId": 4,
            "level": "medium",
            "percentage": 53,
          },
          {
            "domainName": "تولید سرنخ",
            "domainSlug": "lead-generation",
            "engineId": 5,
            "level": "medium",
            "percentage": 60,
          },
          {
            "domainName": "پرورش سرنخ‌ها",
            "domainSlug": "lead-nurturing",
            "engineId": 6,
            "level": "weak",
            "percentage": 27,
          },
          {
            "domainName": "سرعت ارتباط اولیه و ثبت سرنخ",
            "domainSlug": "speed-to-lead",
            "engineId": 7,
            "level": "critical",
            "percentage": 20,
          },
          {
            "domainName": "صلاحیت‌سنجی و اولویت‌بندی سرنخ‌ها",
            "domainSlug": "lead-qualification",
            "engineId": 8,
            "level": "medium",
            "percentage": 47,
          },
          {
            "domainName": "کیفیت ارتباط اولیه و اعتمادسازی",
            "domainSlug": "initial-trust",
            "engineId": 9,
            "level": "medium",
            "percentage": 53,
          },
          {
            "domainName": "کشف نیاز",
            "domainSlug": "needs-discovery",
            "engineId": 10,
            "level": "weak",
            "percentage": 40,
          },
          {
            "domainName": "ارائه حرفه‌ای",
            "domainSlug": "presentation",
            "engineId": 11,
            "level": "medium",
            "percentage": 47,
          },
          {
            "domainName": "برخورد با اعتراضات",
            "domainSlug": "objection-handling",
            "engineId": 12,
            "level": "weak",
            "percentage": 33,
          },
          {
            "domainName": "نهایی‌سازی فروش",
            "domainSlug": "closing",
            "engineId": 13,
            "level": "weak",
            "percentage": 40,
          },
          {
            "domainName": "وفاداری مشتری",
            "domainSlug": "loyalty",
            "engineId": 14,
            "level": "critical",
            "percentage": 20,
          },
          {
            "domainName": "یکپارچگی Touchpoint",
            "domainSlug": "touchpoint-consistency",
            "engineId": 15,
            "level": "medium",
            "percentage": 47,
          },
          {
            "domainName": "اندازه‌گیری، تحلیل و بهینه‌سازی فروش",
            "domainSlug": "measurement-optimization",
            "engineId": 16,
            "level": "critical",
            "percentage": 13,
          },
        ],
      },
      "kind": "funnel-leak",
    },
    {
      "data": {
        "families": [
          {
            "averagePct": 38,
            "engineIds": [
              1,
              2,
              3,
              4,
            ],
            "key": "strategic",
            "label": "استراتژیک",
          },
          {
            "averagePct": 40,
            "engineIds": [
              5,
              7,
            ],
            "key": "input",
            "label": "ورودی",
          },
          {
            "averagePct": 40,
            "engineIds": [
              6,
              9,
              10,
              11,
              12,
            ],
            "key": "trust_persuasion",
            "label": "اعتماد و اقناع",
          },
          {
            "averagePct": 38,
            "engineIds": [
              4,
              7,
              13,
            ],
            "key": "conversion",
            "label": "تبدیل",
          },
          {
            "averagePct": 36,
            "engineIds": [
              8,
              15,
              16,
            ],
            "key": "managerial",
            "label": "مدیریتی/سیستمی",
          },
        ],
      },
      "kind": "issue-family",
    },
  ],
  "confidenceNote": {
    "instrumentFirst": true,
    "level": "low",
  },
  "ctas": [
    {
      "destination": "consultation",
      "headline": "اولویت اصلی شما در سرعت ارتباط اولیه و ثبت سرنخ است — استانداردبودن و سرعت پاسخ اولیه به سرنخ را می‌سنجد.. برای نقشه اقدام اختصاصی با کارشناس صحبت کنید.",
      "moment": "urgency",
      "personalization": {
        "bindingConstraint": "سرعت ارتباط اولیه و ثبت سرنخ",
        "structuralRoots": [
          "اندازه‌گیری، تحلیل و بهینه‌سازی فروش",
          "شناخت مشتری مناسب",
        ],
      },
    },
    {
      "destination": "consultation",
      "headline": "ریشه‌های اصلی در اندازه‌گیری، تحلیل و بهینه‌سازی فروش، شناخت مشتری مناسب شناسایی شد — نقشه اصلاح را با کارشناس بسازید.",
      "moment": "trust",
      "personalization": {
        "bindingConstraint": "سرعت ارتباط اولیه و ثبت سرنخ",
        "structuralRoots": [
          "اندازه‌گیری، تحلیل و بهینه‌سازی فروش",
          "شناخت مشتری مناسب",
        ],
      },
    },
  ],
  "domainBreakdown": [
    {
      "domainName": "شفافیت مسیر فروش",
      "domainSlug": "sales-journey-clarity",
      "engineId": 1,
      "evidence": [],
      "expanded": true,
      "family": "استراتژیک",
      "fixLock": {
        "destination": "consultation",
        "label": "راهکار کامل این حوزه در جلسه مشاوره ارائه می‌شود.",
        "locked": true,
      },
      "incomplete": false,
      "interpretation": "مسیر پراکنده و ذهنی",
      "level": "weak",
      "levelHeadline": "مسیر پراکنده و ذهنی است",
      "lockedActionTeaser": "در نسخه کامل، نقشه قیف فروش، نقاط ریزش و داشبورد پیش‌بینی ساخته می‌شود.",
      "percentage": 40,
      "qualitativeCost": "نتیجه: عارضهٔ استراتژیک و بنیادی قیف.",
      "rawScore": 6,
      "symptoms": "عارضهٔ استراتژیک و بنیادی قیف. ضعف یعنی نامشخص‌بودن منبع ورود مشتری، نامعلوم‌بودن قدم بعدی، ناشناخته‌بودن نقطهٔ ریزش، پراکندگی فعالیت‌های بازاریابی و غیرقابل‌پیش‌بینی‌بودن فروش. نتیجه: فروش حدسی، CAC بالا و تصمیم‌گیری بدون داده.",
      "symptomsList": [
        "منبع ورود مشتری مشخص نیست",
        "قدم بعدی اولین مواجهه واضح نیست",
        "نقطه ریزش ناشناخته است",
        "فعالیت‌های بازاریابی پراکنده‌اند",
        "فروش ماه بعد قابل پیش‌بینی نیست",
      ],
      "tier": "foundation",
    },
    {
      "domainName": "شناخت مشتری مناسب",
      "domainSlug": "persona",
      "engineId": 2,
      "evidence": [],
      "expanded": true,
      "family": "استراتژیک",
      "fixLock": {
        "destination": "consultation",
        "label": "راهکار کامل این حوزه در جلسه مشاوره ارائه می‌شود.",
        "locked": true,
      },
      "incomplete": false,
      "interpretation": "شناخت پراکنده و ذهنی",
      "level": "weak",
      "levelHeadline": "شناخت مشتری پراکنده و ذهنی است",
      "lockedActionTeaser": "در نسخه کامل، این تحلیل به پرسونا، پیام فروش، کانال جذب و معیار رد/قبول مشتری تبدیل می‌شود.",
      "percentage": 27,
      "qualitativeCost": "نتیجه: عارضهٔ استراتژیک و کیفیت مخاطب.",
      "rawScore": 4,
      "symptoms": "عارضهٔ استراتژیک و کیفیت مخاطب. ضعف در این دامنه یعنی کسب‌وکار برای «همه» بازاریابی می‌کند، مشتری مناسب را از نامناسب جدا نمی‌کند و از دادهٔ مشتریان قبلی استفاده نمی‌کند. نتیجه: پیام عمومی و کم‌اثر، جذب لید بی‌کیفیت، چانه‌زنی و اعتراض قیمت بیشتر، CAC بالا، نرخ تبدیل پایین و نارضایتی بعد از خرید.",
      "symptomsList": [
        "پیام‌ها عمومی و برای همه نوشته می‌شوند.",
        "هر کسی که خرید کند مشتری خوب محسوب می‌شود.",
        "مشتری‌های نامناسب زیاد سؤال می‌پرسند، چانه می‌زنند یا دیر تصمیم می‌گیرند.",
        "کیفیت کانال‌های جذب با عدد بررسی نمی‌شود.",
        "اعتراض قیمت و نارضایتی بعد از خرید بیشتر می‌شود.",
      ],
      "tier": "foundation",
    },
    {
      "domainName": "ارزش پیشنهادی",
      "domainSlug": "uvp",
      "engineId": 3,
      "evidence": [],
      "expanded": true,
      "family": "استراتژیک",
      "fixLock": {
        "destination": "consultation",
        "label": "راهکار کامل این حوزه در جلسه مشاوره ارائه می‌شود.",
        "locked": true,
      },
      "incomplete": false,
      "interpretation": "پیام کلی و شبیه رقبا",
      "level": "weak",
      "levelHeadline": "پیام کلی و شبیه رقباست",
      "lockedActionTeaser": "در نسخه کامل، پیام ارزش پیشنهادی شما به متن لندینگ، بیو، تبلیغ و اسکریپت فروش تبدیل می‌شود.",
      "percentage": 33,
      "qualitativeCost": "نتیجه: عارضهٔ تمایز و قیمت‌محوری.",
      "rawScore": 5,
      "symptoms": "عارضهٔ تمایز و قیمت‌محوری. ضعف یعنی مخاطب تفاوت برند را نمی‌فهمد و تصمیم خرید به قیمت، تخفیف، رابطه یا فشار فروشنده وابسته می‌شود. نتیجه: اعتراض قیمت بالا، توضیح زیاد فروشنده، تمایز ضعیف، رفتن آسان مشتری به رقیب و کمپین‌های بدون قلاب.",
      "symptomsList": [
        "مشتری زیاد می‌پرسد فرق شما با بقیه چیست.",
        "پیام برند شبیه حرف‌های رایج بازار است.",
        "فروشنده برای قانع کردن مشتری به توضیح زیاد یا تخفیف وابسته می‌شود.",
        "مشتری نتیجه خرید را خوب تصور نمی‌کند.",
        "اعضای تیم دلیل خرید را یکسان توضیح نمی‌دهند.",
      ],
      "tier": "foundation",
    },
    {
      "domainName": "طراحی پیشنهاد، قیمت‌گذاری و بسته‌بندی",
      "domainSlug": "offer-design",
      "engineId": 4,
      "evidence": [],
      "expanded": true,
      "family": "استراتژیک",
      "fixLock": {
        "destination": "consultation",
        "label": "راهکار کامل این حوزه در جلسه مشاوره ارائه می‌شود.",
        "locked": true,
      },
      "incomplete": false,
      "interpretation": "پیشنهاد نسبتاً روشن",
      "level": "medium",
      "levelHeadline": "پیشنهاد نسبتاً روشن است",
      "lockedActionTeaser": "در نسخه کامل، پیشنهاد شما به پکیج، توجیه قیمت، کاهش ریسک و پیام اقدام فوری تبدیل می‌شود.",
      "percentage": 53,
      "qualitativeCost": "نتیجه: عارضهٔ پیشنهاد و قیمت.",
      "rawScore": 8,
      "symptoms": "عارضهٔ پیشنهاد و قیمت. ضعف یعنی پیشنهاد مبهم، قیمت بدون پشتوانهٔ ارزش، گزینه‌های گیج‌کننده، نبود مسیر کم‌ریسک و نبود فوریت منطقی. نتیجه: اعتراض قیمت، تعویق تصمیم، اتکا به تخفیف و ریزش نزدیک خرید.",
      "symptomsList": [
        "مشتری درباره جزئیات پیشنهاد زیاد سؤال می‌پرسد.",
        "قیمت سریعاً با اعتراض روبه‌رو می‌شود.",
        "گزینه‌ها یا پکیج‌ها مشتری را گیج می‌کنند.",
        "مشتری باید تصمیم کامل و پرریسک بگیرد.",
        "تصمیم‌گیری بعد از دیدن پیشنهاد عقب می‌افتد.",
      ],
      "tier": "foundation",
    },
    {
      "domainName": "تولید سرنخ",
      "domainSlug": "lead-generation",
      "engineId": 5,
      "evidence": [],
      "expanded": true,
      "family": "ورودی",
      "fixLock": {
        "destination": "consultation",
        "label": "راهکار کامل این حوزه در جلسه مشاوره ارائه می‌شود.",
        "locked": true,
      },
      "incomplete": false,
      "interpretation": "ورودی هست ولی ناکافی/نامنظم",
      "level": "medium",
      "levelHeadline": "ورودی هست ولی ناکافی یا نامنظم است",
      "lockedActionTeaser": "در نسخه کامل، کانال‌های جذب شما به برنامه تولید سرنخ، پیام، CTA و معیار سنجش تبدیل می‌شود.",
      "percentage": 60,
      "qualitativeCost": "نتیجه: عارضهٔ ورودی قیف.",
      "rawScore": 9,
      "symptoms": "عارضهٔ ورودی قیف. ضعف یعنی ورودی کم یا نامرتبط، محتوای جذب بدون اتصال به مسیر فروش، نبود شناخت کانال مؤثر و اتکا به شانس/معرفی. نتیجه: قیف کم‌ترافیک یا پر از لید بی‌کیفیت، CAC بالا و نوسان فروش.",
      "symptomsList": [
        "ورودی جدید کم یا اتفاقی است.",
        "کیفیت ورودی‌ها نوسان دارد.",
        "محتوا یا تبلیغ فقط دیده‌شدن می‌سازد و به مسیر فروش وصل نیست.",
        "کانال مؤثر و قابل تکرار مشخص نیست.",
        "کسب‌وکار بیش از حد منتظر معرفی یا مراجعه اتفاقی است.",
      ],
      "tier": "survival",
    },
    {
      "domainName": "پرورش سرنخ‌ها",
      "domainSlug": "lead-nurturing",
      "engineId": 6,
      "evidence": [],
      "expanded": true,
      "family": "اعتماد و اقناع",
      "fixLock": {
        "destination": "consultation",
        "label": "راهکار کامل این حوزه در جلسه مشاوره ارائه می‌شود.",
        "locked": true,
      },
      "incomplete": false,
      "interpretation": "پیگیری نامنظم",
      "level": "weak",
      "levelHeadline": "پیگیری نامنظم است",
      "lockedActionTeaser": "در نسخه کامل، مسیر پرورش مرحله‌به‌مرحله و محتوای لازم برای هر سطح آمادگی ساخته می‌شود.",
      "percentage": 27,
      "qualitativeCost": "نتیجه: عارضهٔ پرورش و اعتمادسازی میانی.",
      "rawScore": 4,
      "symptoms": "عارضهٔ پرورش و اعتمادسازی میانی. ضعف یعنی سرنخ ناآماده رها می‌شود، محتوای پرورشی و آموزشی وجود ندارد، سرنخ سرد/گرم تفکیک نمی‌شود و سرنخ‌های قبلی فعال نمی‌شوند. نتیجه: فاصلهٔ زیاد دیده‌شدن تا خرید، لید سرد باقی‌مانده و هدررفت فرصت.",
      "symptomsList": [
        "سرنخ ناآماده رها می‌شود",
        "محتوای آموزشی به مسیر فروش وصل نیست",
        "سرنخ سرد و گرم یکسان دیده می‌شوند",
        "سرنخ‌های قبلی فراموش می‌شوند",
        "طول چرخه تصمیم نامشخص است",
      ],
      "tier": "growth",
    },
    {
      "domainName": "سرعت ارتباط اولیه و ثبت سرنخ",
      "domainSlug": "speed-to-lead",
      "engineId": 7,
      "evidence": [],
      "expanded": true,
      "family": "ورودی",
      "fixLock": {
        "destination": "consultation",
        "label": "راهکار این حوزه در بخش «اولین قدم پیشنهادی» باز شده است.",
        "locked": false,
      },
      "incomplete": false,
      "interpretation": "سرنخ‌ها پراکنده و رهاشده",
      "level": "critical",
      "levelHeadline": "سرنخ‌ها پراکنده و رهاشده‌اند",
      "percentage": 20,
      "qualitativeCost": "نتیجه: عارضهٔ عملیاتی پاسخ‌گویی و ثبت.",
      "quickWinAction": {
        "actionId": "centralize_lead_capture",
        "actionTitle": "ثبت واحد و مالکیت سرنخ",
        "quickWinSummary": "همه سرنخ‌ها را در یک جدول/CRM با منبع، نیاز، وضعیت، مسئول و پیگیری بعدی ثبت کنید.",
      },
      "rawScore": 3,
      "symptoms": "عارضهٔ عملیاتی پاسخ‌گویی و ثبت. ضعف یعنی پاسخ دیر و نامنظم، سرنخ‌های پراکنده و ثبت‌نشده، نبود مسئول مشخص و رهاشدن سرنخ بدون وضعیت. نتیجه: از دست رفتن لید گرم، گم‌شدن فرصت‌ها و بی‌کنترلی پیگیری.",
      "symptomsList": [
        "زمان پاسخ نامنظم است",
        "سرنخ‌ها در چند کانال پخش‌اند",
        "مسئول پیگیری مشخص نیست",
        "سرنخ بدون وضعیت رها می‌شود",
        "اثر تأخیر پاسخ اندازه‌گیری نمی‌شود",
      ],
      "tier": "survival",
    },
    {
      "domainName": "صلاحیت‌سنجی و اولویت‌بندی سرنخ‌ها",
      "domainSlug": "lead-qualification",
      "engineId": 8,
      "evidence": [],
      "expanded": true,
      "family": "مدیریتی/سیستمی",
      "fixLock": {
        "destination": "consultation",
        "label": "راهکار کامل این حوزه در جلسه مشاوره ارائه می‌شود.",
        "locked": true,
      },
      "incomplete": false,
      "interpretation": "چند معیار پایه",
      "level": "medium",
      "levelHeadline": "چند معیار پایه وجود دارد",
      "lockedActionTeaser": "در نسخه کامل، ماتریس امتیازدهی لید و مسیر متفاوت سرد/گرم/آماده طراحی می‌شود.",
      "percentage": 47,
      "qualitativeCost": "نتیجه: عارضهٔ هدررفت منابع فروش.",
      "rawScore": 7,
      "symptoms": "عارضهٔ هدررفت منابع فروش. ضعف یعنی همه به یک چشم دیده می‌شوند، نیاز/بودجه/فوریت/اختیار بررسی نمی‌شود، لید باارزش اولویت نمی‌گیرد و وقت فروشنده روی لید نامناسب تلف می‌شود. نتیجه: چرخهٔ فروش طولانی، خستگی تیم و از دست رفتن لید خوب.",
      "symptomsList": [
        "هر پیام‌دهنده لید محسوب می‌شود",
        "نیاز/بودجه/فوریت/اختیار بررسی نمی‌شود",
        "لید باارزش اولویت نمی‌گیرد",
        "وقت فروشنده روی افراد نامناسب مصرف می‌شود",
        "مسیر لید سرد و آماده خرید یکی است",
      ],
      "tier": "engine",
    },
    {
      "domainName": "کیفیت ارتباط اولیه و اعتمادسازی",
      "domainSlug": "initial-trust",
      "engineId": 9,
      "evidence": [],
      "expanded": true,
      "family": "اعتماد و اقناع",
      "fixLock": {
        "destination": "consultation",
        "label": "راهکار کامل این حوزه در جلسه مشاوره ارائه می‌شود.",
        "locked": true,
      },
      "incomplete": false,
      "interpretation": "کمک‌کننده ولی ناهماهنگ",
      "level": "medium",
      "levelHeadline": "کمک‌کننده ولی ناهماهنگ است",
      "lockedActionTeaser": "در نسخه کامل، اسکریپت پاسخ اولیه و دارایی‌های اعتمادساز برای کانال‌های اصلی ساخته می‌شود.",
      "percentage": 53,
      "qualitativeCost": "نتیجه: عارضهٔ کیفیت تماس اولیه.",
      "rawScore": 8,
      "symptoms": "عارضهٔ کیفیت تماس اولیه. ضعف یعنی پاسخ خشک و صرفاً اطلاعاتی، نپرسیدن سؤال درست، نبود حس فهمیده‌شدن، نبود نشانهٔ اعتماد و نامشخص‌بودن قدم بعدی. نتیجه: لید گرم سرد می‌شود و اعتماد باید از صفر ساخته شود.",
      "symptomsList": [
        "پاسخ اولیه خشک یا صرفاً اطلاعاتی است",
        "سؤال درست پرسیده نمی‌شود",
        "مشتری حس فهمیده‌شدن نمی‌گیرد",
        "نشانه اعتماد ارائه نمی‌شود",
        "قدم بعدی واضح نیست",
      ],
      "tier": "engine",
    },
    {
      "domainName": "کشف نیاز",
      "domainSlug": "needs-discovery",
      "engineId": 10,
      "evidence": [],
      "expanded": true,
      "family": "اعتماد و اقناع",
      "fixLock": {
        "destination": "consultation",
        "label": "راهکار کامل این حوزه در جلسه مشاوره ارائه می‌شود.",
        "locked": true,
      },
      "incomplete": false,
      "interpretation": "سؤال کلی و موردی",
      "level": "weak",
      "levelHeadline": "سؤال‌ها کلی و موردی‌اند",
      "lockedActionTeaser": "در نسخه کامل، فرم کشف نیاز و اتصال آن به پیشنهاد شخصی‌سازی‌شده ساخته می‌شود.",
      "percentage": 40,
      "qualitativeCost": "نتیجه: عارضهٔ فروش بدون کشف.",
      "rawScore": 6,
      "symptoms": "عارضهٔ فروش بدون کشف. ضعف یعنی ورود سریع به قیمت/معرفی، عدم تشخیص نیاز واقعی پشت نیاز ظاهری، ثبت‌نشدن اطلاعات و پیشنهاد عمومی. نتیجه: پیشنهاد بی‌ربط، اعتراض بیشتر و حس گوش‌نداده‌شدن مشتری.",
      "symptomsList": [
        "سریع وارد قیمت یا معرفی محصول می‌شوید",
        "نیاز واقعی پشت درخواست اولیه مشخص نمی‌شود",
        "اطلاعات مکالمه ثبت نمی‌شود",
        "پیشنهاد عمومی می‌ماند",
        "مشتری قبل از ارائه حس فهمیده‌شدن نمی‌گیرد",
      ],
      "tier": "engine",
    },
    {
      "domainName": "ارائه حرفه‌ای",
      "domainSlug": "presentation",
      "engineId": 11,
      "evidence": [],
      "expanded": true,
      "family": "اعتماد و اقناع",
      "fixLock": {
        "destination": "consultation",
        "label": "راهکار کامل این حوزه در جلسه مشاوره ارائه می‌شود.",
        "locked": true,
      },
      "incomplete": false,
      "interpretation": "ارائهٔ نسبتاً متصل به نیاز",
      "level": "medium",
      "levelHeadline": "ارائه نسبتاً به نیاز وصل است",
      "lockedActionTeaser": "در نسخه کامل، قالب ارائه و اسکریپت شخصی‌سازی برای سناریوهای اصلی ساخته می‌شود.",
      "percentage": 47,
      "qualitativeCost": "نتیجه: عارضهٔ ارائهٔ ضعیف.",
      "rawScore": 7,
      "symptoms": "عارضهٔ ارائهٔ ضعیف. ضعف یعنی شروع از محصول به‌جای مسئله، ارائهٔ عمومی، مبهم‌بودن نتیجه/فرایند/قیمت/قدم بعدی و نبود مدرک. نتیجه: مشتری تناسب راه‌حل را نمی‌فهمد، سردرگم می‌ماند و تصمیم عقب می‌افتد.",
      "symptomsList": [
        "ارائه از محصول یا قیمت شروع می‌شود",
        "راه‌حل به مسئله مشتری وصل نمی‌شود",
        "نتیجه، فرایند یا قدم بعدی مبهم است",
        "مدرک کافی ارائه نمی‌شود",
        "بعد از ارائه مشتری هنوز ابهام دارد",
      ],
      "tier": "engine",
    },
    {
      "domainName": "برخورد با اعتراضات",
      "domainSlug": "objection-handling",
      "engineId": 12,
      "evidence": [],
      "expanded": true,
      "family": "اعتماد و اقناع",
      "fixLock": {
        "destination": "consultation",
        "label": "راهکار کامل این حوزه در جلسه مشاوره ارائه می‌شود.",
        "locked": true,
      },
      "incomplete": false,
      "interpretation": "پاسخ ناقص",
      "level": "weak",
      "levelHeadline": "پاسخ‌ها ناقص‌اند",
      "lockedActionTeaser": "در نسخه کامل، بانک اعتراضات با پاسخ، سوشال‌پروف، مقایسه و کاهش ریسک طراحی می‌شود.",
      "percentage": 33,
      "qualitativeCost": "نتیجه: عارضهٔ اقناع و رفع تردید.",
      "rawScore": 5,
      "symptoms": "عارضهٔ اقناع و رفع تردید. ضعف یعنی اعتراض‌ها ناشناخته و ثبت‌نشده، پاسخ‌های بداهه، نبود مدرک/سوشال‌پروف، مدیریت‌نشدن مقایسه با رقبا و نبود کاهش ریسک. نتیجه: علاقه بدون خرید، چرخهٔ فروش طولانی و اتکا به تخفیف.",
      "symptomsList": [
        "اعتراض‌ها هر بار در لحظه پاسخ داده می‌شوند",
        "پاسخ‌ها به فرد وابسته‌اند",
        "مدرک یا نمونه کافی ارائه نمی‌شود",
        "مقایسه با رقبا به تخفیف ختم می‌شود",
        "ریسک تصمیم خرید برای مشتری کم نمی‌شود",
      ],
      "tier": "engine",
    },
    {
      "domainName": "نهایی‌سازی فروش",
      "domainSlug": "closing",
      "engineId": 13,
      "evidence": [],
      "expanded": true,
      "family": "تبدیل",
      "fixLock": {
        "destination": "consultation",
        "label": "راهکار کامل این حوزه در جلسه مشاوره ارائه می‌شود.",
        "locked": true,
      },
      "incomplete": false,
      "interpretation": "مسیر پراصطکاک",
      "level": "weak",
      "levelHeadline": "مسیر خرید پراصطکاک است",
      "lockedActionTeaser": "در نسخه کامل، مسیر خرید، پیام‌های پیگیری و پیام تأیید استاندارد طراحی می‌شود.",
      "percentage": 40,
      "qualitativeCost": "نتیجه: عارضهٔ تبدیل و ریزش لحظهٔ خرید.",
      "rawScore": 6,
      "symptoms": "عارضهٔ تبدیل و ریزش لحظهٔ خرید. ضعف یعنی نامشخص‌بودن قدم بعدی، مسیر خرید پراصطکاک، مبهم‌بودن قیمت/شرایط، پیگیری نامنظم مشتری آماده و نبود تأیید پس از خرید. نتیجه: ریزش گران‌قیمت در نزدیکی خرید.",
      "symptomsList": [
        "مشتری باید بپرسد حالا چه کار کند",
        "مسیر خرید کند یا پیچیده است",
        "قیمت و شرایط کامل شفاف نیست",
        "مشتری آماده خرید منظم پیگیری نمی‌شود",
        "بعد از پرداخت ابهام باقی می‌ماند",
      ],
      "tier": "survival",
    },
    {
      "domainName": "وفاداری مشتری",
      "domainSlug": "loyalty",
      "engineId": 14,
      "evidence": [],
      "expanded": true,
      "family": "",
      "fixLock": {
        "destination": "consultation",
        "label": "راهکار کامل این حوزه در جلسه مشاوره ارائه می‌شود.",
        "locked": true,
      },
      "incomplete": false,
      "interpretation": "ارتباط پس از خرید قطع می‌شود",
      "level": "critical",
      "levelHeadline": "ارتباط پس از خرید قطع می‌شود",
      "lockedActionTeaser": "در نسخه کامل، قیف پس از خرید، پیشنهاد مکمل، ارجاع و کیس‌سازی طراحی می‌شود.",
      "percentage": 20,
      "qualitativeCost": "نتیجه: عارضهٔ بعد از خرید.",
      "rawScore": 3,
      "symptoms": "عارضهٔ بعد از خرید. ضعف یعنی قطع ارتباط پس از خرید، نسنجیدن رضایت، اتفاقی‌بودن خرید مجدد، نبود سیستم ارجاع و استفاده‌نکردن از تجربهٔ مشتری راضی. نتیجه: CAC بالا، CLV پایین و نبود تبلیغات دهان‌به‌دهان.",
      "symptomsList": [
        "بعد از خرید ارتباط قطع می‌شود",
        "رضایت فقط در صورت شکایت فهمیده می‌شود",
        "خرید مجدد اتفاقی است",
        "درخواست معرفی انجام نمی‌شود",
        "تجربه مشتری موفق به کیس یا نظر تبدیل نمی‌شود",
      ],
      "tier": "growth",
    },
    {
      "domainName": "یکپارچگی Touchpoint",
      "domainSlug": "touchpoint-consistency",
      "engineId": 15,
      "evidence": [],
      "expanded": true,
      "family": "مدیریتی/سیستمی",
      "fixLock": {
        "destination": "consultation",
        "label": "راهکار کامل این حوزه در جلسه مشاوره ارائه می‌شود.",
        "locked": true,
      },
      "incomplete": false,
      "interpretation": "هماهنگی نسبی",
      "level": "medium",
      "levelHeadline": "هماهنگی نسبی وجود دارد",
      "lockedActionTeaser": "در نسخه کامل، نقشه کامل نقاط تماس و استاندارد پاسخ برای کانال‌های اصلی ساخته می‌شود.",
      "percentage": 47,
      "qualitativeCost": "نتیجه: عارضهٔ اجرایی و تجربهٔ مشتری.",
      "rawScore": 7,
      "symptoms": "عارضهٔ اجرایی و تجربهٔ مشتری. ضعف یعنی جواب‌های متفاوت و متناقض در کانال‌ها، لحن ناهماهنگ، نامشخص‌بودن قدم بعدی، نبود نقشهٔ نقاط تماس و شناسایی‌نشدن نقاط ریزش تجربه. نتیجه: کاهش اعتماد، ریزش بین مراحل و تصویر غیرحرفه‌ای برند.",
      "symptomsList": [
        "جواب‌ها در کانال‌ها متفاوت‌اند",
        "لحن وابسته به فرد است",
        "بعد از ارتباط قدم بعدی مشخص نیست",
        "نقشه نقاط تماس وجود ندارد",
        "نقاط سردرگمی و نارضایتی اصلاح نمی‌شوند",
      ],
      "tier": "growth",
    },
    {
      "domainName": "اندازه‌گیری، تحلیل و بهینه‌سازی فروش",
      "domainSlug": "measurement-optimization",
      "engineId": 16,
      "evidence": [],
      "expanded": true,
      "family": "مدیریتی/سیستمی",
      "fixLock": {
        "destination": "consultation",
        "label": "راهکار کامل این حوزه در جلسه مشاوره ارائه می‌شود.",
        "locked": true,
      },
      "incomplete": false,
      "interpretation": "مدیریت کاملاً حدسی",
      "level": "critical",
      "levelHeadline": "مدیریت کاملاً حدسی است",
      "lockedActionTeaser": "در نسخه کامل، داشبورد قیف و چرخه اندازه‌گیری-تحلیل-اصلاح-تست طراحی می‌شود.",
      "percentage": 13,
      "qualitativeCost": "نتیجه: عارضهٔ مدیریتی و سیستمی.",
      "rawScore": 2,
      "symptoms": "عارضهٔ مدیریتی و سیستمی. ضعف یعنی نبود عدد برای ورودی/تبدیل/ریزش، ناشناخته‌بودن اثر فعالیت‌ها و اصلاح حدسی. نتیجه: پنهان‌ماندن مشکل واقعی، مصرف بودجه در جای غلط و رشد غیرقابل‌تکرار.",
      "symptomsList": [
        "تعداد ورودی دقیق نیست",
        "نرخ تبدیل مراحل مشخص نیست",
        "نقطه ریزش ثبت نمی‌شود",
        "اثر کمپین‌ها به فروش وصل نیست",
        "اصلاح‌ها بعد از اجرا سنجیده نمی‌شوند",
      ],
      "tier": "foundation",
    },
  ],
  "expertView": {
    "appetizerActions": [
      {
        "actionText": "ساخت پرسونا برای هر گروه مشتری مهم (هدف، درد، ترس، مانع تصمیم، کانال، جمله‌های ذهنی، معیار انتخاب) و تحلیل ۱۰ مشتری خوب اخیر برای استخراج ویژگی‌های مشترک؛ سپس استفاده از این شناخت در پیام، کانال و پیشنهاد و تعریف صریح مشتری نامناسب.",
        "domainName": "شناخت مشتری مناسب",
        "domainSlug": "persona",
      },
      {
        "actionText": "ترسیم مسیر واقعی مشتری از اولین مواجهه تا خرید و بعد از آن، ثبت منبع ورود هر مشتری، تعریف قدم بعدی هر مرحله، شناسایی نقاط ریزش و اتصال هر فعالیت بازاریابی به یک مرحلهٔ مشخص قیف.",
        "domainName": "شفافیت مسیر فروش",
        "domainSlug": "sales-journey-clarity",
      },
      {
        "actionText": "ساخت UVP با قالب «ما به [مخاطب] کمک می‌کنیم [نتیجهٔ ملموس] را از طریق [مزیت خاص] به دست بیاورد»؛ اتصال آن به نیاز واقعی پرسونا، مستندسازی و انتشار یکدست در لندینگ، بیو، تبلیغ و مکالمهٔ فروش تا کل تیم یک پیام بدهند.",
        "domainName": "ارزش پیشنهادی",
        "domainSlug": "uvp",
      },
    ],
    "disclosureGuide": "ریشه و quick win را نشان بده؛ corrective کامل و tier1 عددی را پشت CTA مشاوره نگه دار.",
    "leadScore": "hot",
    "suggestedOffer": "تماس فوری + جلسه مشاوره ۳۰ دقیقه (گلوگاه و ارزش در خطر)",
  },
  "healthDisplay": 38,
  "issues": [
    {
      "costHint": "نتیجه: عارضهٔ عملیاتی پاسخ‌گویی و ثبت.",
      "domainName": "سرعت ارتباط اولیه و ثبت سرنخ",
      "domainSlug": "speed-to-lead",
      "engineId": 7,
      "level": "critical",
      "mechanism": "ضعف این دامنه باعث از دست رفتن لید گرم، گم‌شدن فرصت‌ها و بی‌کنترلی پیگیری می‌شود.",
      "role": "primary_issue",
      "rootSentence": "استانداردبودن و سرعت پاسخ اولیه به سرنخ را می‌سنجد.",
    },
    {
      "costHint": "نتیجه: عارضهٔ مدیریتی و سیستمی.",
      "domainName": "اندازه‌گیری، تحلیل و بهینه‌سازی فروش",
      "domainSlug": "measurement-optimization",
      "engineId": 16,
      "level": "critical",
      "mechanism": "ضعف این دامنه باعث پنهان‌ماندن مشکل واقعی، مصرف بودجه در جای غلط و رشد غیرقابل تکرار می‌شود.",
      "role": "structural_root",
      "rootSentence": "شناخت تعداد ورودی/سرنخ قیف را می‌سنجد.",
    },
    {
      "costHint": "نتیجه: عارضهٔ استراتژیک و کیفیت مخاطب.",
      "domainName": "شناخت مشتری مناسب",
      "domainSlug": "persona",
      "engineId": 2,
      "level": "weak",
      "mechanism": "هرچه امتیاز این دامنه پایین‌تر باشد، بخشی از تبلیغ، محتوا و انرژی فروش صرف افرادی می‌شود که احتمال خرید، رضایت یا خرید مجددشان پایین‌تر است.",
      "role": "structural_root",
      "rootSentence": "می‌سنجد آیا کسب‌وکار مشتری مناسب را از نامناسب جدا کرده یا فقط دنبال «تعداد مشتری» است.",
    },
  ],
  "lockedPlan": {
    "titles": [
      "اندازه‌گیری، تحلیل و بهینه‌سازی فروش",
      "شناخت مشتری مناسب",
      "ارزش پیشنهادی",
      "شفافیت مسیر فروش",
      "پرورش سرنخ‌ها",
    ],
  },
  "quickWin": {
    "actionText": "تعیین استاندارد زمان پاسخ اولیه و اندازه‌گیری آن، ثبت همهٔ سرنخ‌ها در یک محل واحد (CRM/جدول) با منبع و وضعیت، تعیین مسئول و زمان پیگیری برای هر سرنخ، و تضمین اینکه هیچ سرنخی بدون اقدام بعدی رها نشود.",
    "domainName": "سرعت ارتباط اولیه و ثبت سرنخ",
    "domainSlug": "speed-to-lead",
  },
  "quickWinTeaser": {
    "domainName": "سرعت ارتباط اولیه و ثبت سرنخ",
    "domainSlug": "speed-to-lead",
  },
  "survivalBanner": {
    "status": "RED",
    "tone": "honesty",
  },
  "valueAtStake": null,
}
`;
